Traceback (most recent call last):
  File "/Users/esteban/anaconda3/lib/python3.9/site-packages/jupyter_cache/executors/utils.py", line 58, in single_nb_execution
    executenb(
  File "/Users/esteban/anaconda3/lib/python3.9/site-packages/nbclient/client.py", line 1204, in execute
    return NotebookClient(nb=nb, resources=resources, km=km, **kwargs).execute()
  File "/Users/esteban/anaconda3/lib/python3.9/site-packages/nbclient/util.py", line 84, in wrapped
    return just_run(coro(*args, **kwargs))
  File "/Users/esteban/anaconda3/lib/python3.9/site-packages/nbclient/util.py", line 62, in just_run
    return loop.run_until_complete(coro)
  File "/Users/esteban/anaconda3/lib/python3.9/asyncio/base_events.py", line 647, in run_until_complete
    return future.result()
  File "/Users/esteban/anaconda3/lib/python3.9/site-packages/nbclient/client.py", line 663, in async_execute
    await self.async_execute_cell(
  File "/Users/esteban/anaconda3/lib/python3.9/site-packages/nbclient/client.py", line 965, in async_execute_cell
    await self._check_raise_for_error(cell, cell_index, exec_reply)
  File "/Users/esteban/anaconda3/lib/python3.9/site-packages/nbclient/client.py", line 862, in _check_raise_for_error
    raise CellExecutionError.from_cell_and_msg(cell, exec_reply_content)
nbclient.exceptions.CellExecutionError: An error occurred while executing the following cell:
------------------
import subprocess

import pandas as pd
import matplotlib.pyplot as plt
import urllib.parse

# Consulta ADQL a Gaia DR3 para el cúmulo M4 (NGC 6121)
adql_m4 = "SELECT phot_g_mean_mag, bp_rp FROM gaiadr3.gaia_source WHERE 1=CONTAINS(POINT('ICRS', ra, dec), CIRCLE('ICRS', 245.89, -26.52, 0.2)) AND parallax BETWEEN 0.4 AND 0.6 AND pmra BETWEEN -15 AND -10 AND pmdec BETWEEN -22 AND -16"
url_tap = "https://gea.esac.esa.int/tap-server/tap/sync"
payload = {'request': 'doQuery', 'lang': 'adql', 'format': 'csv', 'query': adql_m4}

print("Descargando fotometría de M4...")
subprocess.run(["wget", "--post-data", urllib.parse.urlencode(payload), "-O", "m4_cmd.csv", url_tap, "-q"])
df_m4 = pd.read_csv("m4_cmd.csv")

plt.figure(figsize=(7, 8))
plt.scatter(df_m4['bp_rp'], df_m4['phot_g_mean_mag'], s=2, c='black', alpha=0.5)
plt.gca().invert_yaxis() # Convención: Mayor luminosidad (menor magnitud) arriba
plt.xlabel(r'Color $G_{BP} - G_{RP}$ (Temperatura $\rightarrow$ Frío)', fontsize=13)
plt.ylabel(r'Magnitud Aparente $G$ (Luminosidad $\uparrow$)', fontsize=13)
plt.title('Diagrama Color-Magnitud (CMD) - Cúmulo Globular M4', fontsize=15)
plt.xlim(0.5,3)
plt.grid(True, ls='--', alpha=0.4)
plt.show()
------------------

[0;31m---------------------------------------------------------------------------[0m
[0;31mEmptyDataError[0m                            Traceback (most recent call last)
Input [0;32mIn [1][0m, in [0;36m<cell line: 14>[0;34m()[0m
[1;32m     12[0m [38;5;28mprint[39m([38;5;124m"[39m[38;5;124mDescargando fotometría de M4...[39m[38;5;124m"[39m)
[1;32m     13[0m subprocess[38;5;241m.[39mrun([[38;5;124m"[39m[38;5;124mwget[39m[38;5;124m"[39m, [38;5;124m"[39m[38;5;124m--post-data[39m[38;5;124m"[39m, urllib[38;5;241m.[39mparse[38;5;241m.[39murlencode(payload), [38;5;124m"[39m[38;5;124m-O[39m[38;5;124m"[39m, [38;5;124m"[39m[38;5;124mm4_cmd.csv[39m[38;5;124m"[39m, url_tap, [38;5;124m"[39m[38;5;124m-q[39m[38;5;124m"[39m])
[0;32m---> 14[0m df_m4 [38;5;241m=[39m [43mpd[49m[38;5;241;43m.[39;49m[43mread_csv[49m[43m([49m[38;5;124;43m"[39;49m[38;5;124;43mm4_cmd.csv[39;49m[38;5;124;43m"[39;49m[43m)[49m
[1;32m     16[0m plt[38;5;241m.[39mfigure(figsize[38;5;241m=[39m([38;5;241m7[39m, [38;5;241m8[39m))
[1;32m     17[0m plt[38;5;241m.[39mscatter(df_m4[[38;5;124m'[39m[38;5;124mbp_rp[39m[38;5;124m'[39m], df_m4[[38;5;124m'[39m[38;5;124mphot_g_mean_mag[39m[38;5;124m'[39m], s[38;5;241m=[39m[38;5;241m2[39m, c[38;5;241m=[39m[38;5;124m'[39m[38;5;124mblack[39m[38;5;124m'[39m, alpha[38;5;241m=[39m[38;5;241m0.5[39m)

File [0;32m~/anaconda3/lib/python3.9/site-packages/pandas/util/_decorators.py:311[0m, in [0;36mdeprecate_nonkeyword_arguments.<locals>.decorate.<locals>.wrapper[0;34m(*args, **kwargs)[0m
[1;32m    305[0m [38;5;28;01mif[39;00m [38;5;28mlen[39m(args) [38;5;241m>[39m num_allow_args:
[1;32m    306[0m     warnings[38;5;241m.[39mwarn(
[1;32m    307[0m         msg[38;5;241m.[39mformat(arguments[38;5;241m=[39marguments),
[1;32m    308[0m         [38;5;167;01mFutureWarning[39;00m,
[1;32m    309[0m         stacklevel[38;5;241m=[39mstacklevel,
[1;32m    310[0m     )
[0;32m--> 311[0m [38;5;28;01mreturn[39;00m [43mfunc[49m[43m([49m[38;5;241;43m*[39;49m[43margs[49m[43m,[49m[43m [49m[38;5;241;43m*[39;49m[38;5;241;43m*[39;49m[43mkwargs[49m[43m)[49m

File [0;32m~/anaconda3/lib/python3.9/site-packages/pandas/io/parsers/readers.py:680[0m, in [0;36mread_csv[0;34m(filepath_or_buffer, sep, delimiter, header, names, index_col, usecols, squeeze, prefix, mangle_dupe_cols, dtype, engine, converters, true_values, false_values, skipinitialspace, skiprows, skipfooter, nrows, na_values, keep_default_na, na_filter, verbose, skip_blank_lines, parse_dates, infer_datetime_format, keep_date_col, date_parser, dayfirst, cache_dates, iterator, chunksize, compression, thousands, decimal, lineterminator, quotechar, quoting, doublequote, escapechar, comment, encoding, encoding_errors, dialect, error_bad_lines, warn_bad_lines, on_bad_lines, delim_whitespace, low_memory, memory_map, float_precision, storage_options)[0m
[1;32m    665[0m kwds_defaults [38;5;241m=[39m _refine_defaults_read(
[1;32m    666[0m     dialect,
[1;32m    667[0m     delimiter,
[0;32m   (...)[0m
[1;32m    676[0m     defaults[38;5;241m=[39m{[38;5;124m"[39m[38;5;124mdelimiter[39m[38;5;124m"[39m: [38;5;124m"[39m[38;5;124m,[39m[38;5;124m"[39m},
[1;32m    677[0m )
[1;32m    678[0m kwds[38;5;241m.[39mupdate(kwds_defaults)
[0;32m--> 680[0m [38;5;28;01mreturn[39;00m [43m_read[49m[43m([49m[43mfilepath_or_buffer[49m[43m,[49m[43m [49m[43mkwds[49m[43m)[49m

File [0;32m~/anaconda3/lib/python3.9/site-packages/pandas/io/parsers/readers.py:575[0m, in [0;36m_read[0;34m(filepath_or_buffer, kwds)[0m
[1;32m    572[0m _validate_names(kwds[38;5;241m.[39mget([38;5;124m"[39m[38;5;124mnames[39m[38;5;124m"[39m, [38;5;28;01mNone[39;00m))
[1;32m    574[0m [38;5;66;03m# Create the parser.[39;00m
[0;32m--> 575[0m parser [38;5;241m=[39m [43mTextFileReader[49m[43m([49m[43mfilepath_or_buffer[49m[43m,[49m[43m [49m[38;5;241;43m*[39;49m[38;5;241;43m*[39;49m[43mkwds[49m[43m)[49m
[1;32m    577[0m [38;5;28;01mif[39;00m chunksize [38;5;129;01mor[39;00m iterator:
[1;32m    578[0m     [38;5;28;01mreturn[39;00m parser

File [0;32m~/anaconda3/lib/python3.9/site-packages/pandas/io/parsers/readers.py:933[0m, in [0;36mTextFileReader.__init__[0;34m(self, f, engine, **kwds)[0m
[1;32m    930[0m     [38;5;28mself[39m[38;5;241m.[39moptions[[38;5;124m"[39m[38;5;124mhas_index_names[39m[38;5;124m"[39m] [38;5;241m=[39m kwds[[38;5;124m"[39m[38;5;124mhas_index_names[39m[38;5;124m"[39m]
[1;32m    932[0m [38;5;28mself[39m[38;5;241m.[39mhandles: IOHandles [38;5;241m|[39m [38;5;28;01mNone[39;00m [38;5;241m=[39m [38;5;28;01mNone[39;00m
[0;32m--> 933[0m [38;5;28mself[39m[38;5;241m.[39m_engine [38;5;241m=[39m [38;5;28;43mself[39;49m[38;5;241;43m.[39;49m[43m_make_engine[49m[43m([49m[43mf[49m[43m,[49m[43m [49m[38;5;28;43mself[39;49m[38;5;241;43m.[39;49m[43mengine[49m[43m)[49m

File [0;32m~/anaconda3/lib/python3.9/site-packages/pandas/io/parsers/readers.py:1235[0m, in [0;36mTextFileReader._make_engine[0;34m(self, f, engine)[0m
[1;32m   1232[0m     [38;5;28;01mraise[39;00m [38;5;167;01mValueError[39;00m(msg)
[1;32m   1234[0m [38;5;28;01mtry[39;00m:
[0;32m-> 1235[0m     [38;5;28;01mreturn[39;00m [43mmapping[49m[43m[[49m[43mengine[49m[43m][49m[43m([49m[43mf[49m[43m,[49m[43m [49m[38;5;241;43m*[39;49m[38;5;241;43m*[39;49m[38;5;28;43mself[39;49m[38;5;241;43m.[39;49m[43moptions[49m[43m)[49m
[1;32m   1236[0m [38;5;28;01mexcept[39;00m [38;5;167;01mException[39;00m:
[1;32m   1237[0m     [38;5;28;01mif[39;00m [38;5;28mself[39m[38;5;241m.[39mhandles [38;5;129;01mis[39;00m [38;5;129;01mnot[39;00m [38;5;28;01mNone[39;00m:

File [0;32m~/anaconda3/lib/python3.9/site-packages/pandas/io/parsers/c_parser_wrapper.py:75[0m, in [0;36mCParserWrapper.__init__[0;34m(self, src, **kwds)[0m
[1;32m     72[0m     kwds[38;5;241m.[39mpop(key, [38;5;28;01mNone[39;00m)
[1;32m     74[0m kwds[[38;5;124m"[39m[38;5;124mdtype[39m[38;5;124m"[39m] [38;5;241m=[39m ensure_dtype_objs(kwds[38;5;241m.[39mget([38;5;124m"[39m[38;5;124mdtype[39m[38;5;124m"[39m, [38;5;28;01mNone[39;00m))
[0;32m---> 75[0m [38;5;28mself[39m[38;5;241m.[39m_reader [38;5;241m=[39m [43mparsers[49m[38;5;241;43m.[39;49m[43mTextReader[49m[43m([49m[43msrc[49m[43m,[49m[43m [49m[38;5;241;43m*[39;49m[38;5;241;43m*[39;49m[43mkwds[49m[43m)[49m
[1;32m     77[0m [38;5;28mself[39m[38;5;241m.[39munnamed_cols [38;5;241m=[39m [38;5;28mself[39m[38;5;241m.[39m_reader[38;5;241m.[39munnamed_cols
[1;32m     79[0m [38;5;66;03m# error: Cannot determine type of 'names'[39;00m

File [0;32m~/anaconda3/lib/python3.9/site-packages/pandas/_libs/parsers.pyx:551[0m, in [0;36mpandas._libs.parsers.TextReader.__cinit__[0;34m()[0m

[0;31mEmptyDataError[0m: No columns to parse from file
EmptyDataError: No columns to parse from file

